ModelGroup basic-inlines
ModelGroup basic-blocks
ModelGroup out-of-lines
ModelGroup wrappers
ModelGroup inlines
ModelGroup blocks
ModelGroup mixed-level
ModelGroup row-group

AttrGroup accessibility-properties
AttrGroup relative-position-properties
AttrGroup absolute-or-relative-position-properties
AttrGroup aural-properties
AttrGroup border-padding-background-properties
AttrGroup border-precedence-properties
AttrGroup box-size-properties
AttrGroup area-properties
AttrGroup font-properties
AttrGroup hyphenation-properties-inline
AttrGroup hyphenation-properties-block
AttrGroup margin-properties-CSS
AttrGroup margin-properties-block
AttrGroup margin-properties-inline
AttrGroup area-alignment-properties-inline
AttrGroup line-height-properties
AttrGroup line-related-properties
AttrGroup character-properties
AttrGroup keeps-and-breaks-properties-atomic
AttrGroup keeps-and-breaks-properties-inline
AttrGroup keeps-and-breaks-properties-block
AttrGroup leader-properties
AttrGroup table-properties
AttrGroup list-properties
AttrGroup float-properties
AttrGroup visibility-properties
AttrGroup inheritable-properties  
AttrGroup block-properties  
AttrGroup inline-properties  
AttrGroup empty-inline-properties  
AttrGroup graphic-properties  

